// Vitest Snapshot v1, https://vitest.dev/guide/snapshot.html

exports[`transform import 1`] = `
"import * as React from \\"react\\"
import { Foo } from \\"bar\\"
    import { Button } from \\"@/components/plate-ui/button\\"
    import { Label} from \\"ui/label\\"
    import { Box } from \\"@/components/box\\"

    import { cn } from \\"@sewell_stephens/cn\\"
    "
`;

exports[`transform import 2`] = `
"import * as React from \\"react\\"
import { Foo } from \\"bar\\"
    import { Button } from \\"~/src/components/plate-ui/button\\"
    import { Label} from \\"ui/label\\"
    import { Box } from \\"~/src/components/box\\"

    import { cn, foo, bar } from \\"@sewell_stephens/cn\\"
    "
`;

exports[`transform import 3`] = `
"import * as React from \\"react\\"
import { Foo } from \\"bar\\"
    import { Button } from \\"~/src/components/plate-ui/button\\"
    import { Label} from \\"ui/label\\"
    import { Box } from \\"~/src/components/box\\"

    import { cn } from \\"@sewell_stephens/cn\\"
    "
`;

exports[`transform import 4`] = `
"import * as React from \\"react\\"
import { Foo } from \\"bar\\"
    import { Button } from \\"~/src/components/button\\"
    import { Label} from \\"ui/label\\"
    import { Box } from \\"@/registry/default/box\\"
    import { cn } from \\"@/lib/utils\\"
    import { bar } from \\"@/lib/utils/bar\\"
    "
`;

exports[`transform import 5`] = `
"import * as React from \\"react\\"
import { Foo } from \\"bar\\"
    import { Button } from \\"~/src/plate-ui/button\\"
    import { Label} from \\"ui/label\\"
    import { Box } from \\"@/registry/default/box\\"
    import { cn } from \\"@/lib/utils\\"
    import { bar } from \\"@/lib/utils/bar\\"
    "
`;

exports[`transform import 6`] = `
"import * as React from \\"react\\"
import { Foo } from \\"bar\\"
    import { Button } from \\"~/src/components/button\\"
    import { Label} from \\"ui/label\\"
    import { Box } from \\"@/registry/default/box\\"
    import { cn } from \\"@/lib/utils\\"
    import { bar } from \\"@/lib/utils/bar\\"
    "
`;

exports[`transform import 7`] = `
"import * as React from \\"react\\"
import { Foo } from \\"bar\\"
    import { Button } from \\"~/src/ui/button\\"
    import { Label} from \\"ui/label\\"
    import { Box } from \\"@/registry/default/box\\"
    import { cn } from \\"@/lib/utils\\"
    import { bar } from \\"@/lib/utils/bar\\"
    "
`;
